../App/hw/driver/button.c:265:6:buttonGetPin	16	static
../App/hw/driver/button.c:176:6:buttonISR	16	static
../App/hw/driver/button.c:72:6:buttonInit	40	static
../App/hw/driver/button.c:129:6:buttonEventInit	0	static
../App/hw/driver/button.c:154:6:buttonEventRemove	0	static,ignoring_inline_asm
../App/hw/driver/button.c:282:6:buttonClear	0	static
../App/hw/driver/button.c:296:6:buttonEnable	0	static
../App/hw/driver/button.c:301:6:buttonGetPressed	0	static
../App/hw/driver/button.c:311:10:buttonGetData	16	static
../App/hw/driver/button.c:324:13:buttonGetName	0	static
../App/hw/driver/button.c:331:10:buttonGetPressedCount	16	static
../App/hw/driver/button.c:347:6:buttonSetRepeatTime	4	static
../App/hw/driver/button.c:360:10:buttonGetRepeatCount	8	static
../App/hw/driver/button.c:371:10:buttonGetPressedTime	8	static
../App/hw/driver/button.c:473:6:cliButton	24	static
../App/hw/driver/button.c:385:6:buttonGetReleased	0	static
../App/hw/driver/button.c:397:10:buttonGetReleasedTime	8	static
../App/hw/driver/button.c:410:6:buttonEventClear	0	static
../App/hw/driver/button.c:426:6:buttonEventGetReleased	0	static
../App/hw/driver/button.c:441:6:buttonEventGetPressed	0	static
../App/hw/driver/button.c:456:10:buttonEventGetRepeat	8	static
