../App/hw/driver/eeprom.c:51:6:eepromIsInit	0	static
../App/hw/driver/eeprom.c:56:6:eepromValid	24	static
../App/hw/driver/eeprom.c:24:6:eepromInit	8	static
../App/hw/driver/eeprom.c:71:6:eepromReadByte	16	static
../App/hw/driver/eeprom.c:87:6:eepromWriteByte	32	static
../App/hw/driver/eeprom.c:116:6:eepromRead	24	static
../App/hw/driver/eeprom.c:134:6:eepromWrite	24	static
../App/hw/driver/eeprom.c:151:10:eepromGetLength	0	static
../App/hw/driver/eeprom.c:156:6:eepromFormat	0	static
../App/hw/driver/eeprom.c:164:6:cliEeprom	32	static
