../App/hw/driver/i2c.c:125:10:i2cGetTimming	0	static
../App/hw/driver/i2c.c:399:6:delayUs	8	static
../App/hw/driver/i2c.c:52:6:i2cInit	8	static
../App/hw/driver/i2c.c:72:6:i2cIsInit	0	static
../App/hw/driver/i2c.c:147:6:i2cIsBegin	0	static
../App/hw/driver/i2c.c:152:6:i2cReset	56	static
../App/hw/driver/i2c.c:77:6:i2cBegin	24	static
../App/hw/driver/i2c.c:193:6:i2cIsDeviceReady	8	static,ignoring_inline_asm
../App/hw/driver/i2c.c:207:6:i2cRecovery	8	static
../App/hw/driver/i2c.c:223:6:i2cReadBytes	24	static
../App/hw/driver/i2c.c:218:6:i2cReadByte	16	static
../App/hw/driver/i2c.c:248:6:i2cReadA16Bytes	24	static
../App/hw/driver/i2c.c:273:6:i2cReadData	16	static
../App/hw/driver/i2c.c:303:6:i2cWriteBytes	24	static
../App/hw/driver/i2c.c:298:6:i2cWriteByte	24	static
../App/hw/driver/i2c.c:421:6:cliI2C	168	static
../App/hw/driver/i2c.c:328:6:i2cWriteA16Bytes	24	static
../App/hw/driver/i2c.c:353:6:i2cWriteData	16	static
../App/hw/driver/i2c.c:379:6:i2cSetTimeout	0	static
../App/hw/driver/i2c.c:384:10:i2cGetTimeout	0	static
../App/hw/driver/i2c.c:389:6:i2cClearErrCount	0	static
../App/hw/driver/i2c.c:394:10:i2cGetErrCount	0	static
../App/hw/driver/i2c.c:413:6:HAL_I2C_ErrorCallback	0	static
