../App/hw/driver/qspi.c:1013:16:QSPI_AutoPollingMemReady	120	static
../App/hw/driver/qspi.c:912:16:QSPI_ResetMemory	88	static
../App/hw/driver/qspi.c:958:16:QSPI_WriteEnable	112	static
../App/hw/driver/qspi.c:1059:16:QSPI_ReadStatus	104	static
../App/hw/driver/qspi.c:1103:16:QSPI_WriteStatus	104	static
../App/hw/driver/qspi.c:123:6:qspiIsInit	0	static
../App/hw/driver/qspi.c:333:6:qspiGetXipMode	8	static
../App/hw/driver/qspi.c:345:10:qspiGetAddr	0	static
../App/hw/driver/qspi.c:350:10:qspiGetLength	0	static
../App/hw/driver/qspi.c:429:9:BSP_QSPI_Reset	8	static
../App/hw/driver/qspi.c:106:6:qspiReset	8	static
../App/hw/driver/qspi.c:439:9:BSP_QSPI_Config	16	static
../App/hw/driver/qspi.c:368:9:BSP_QSPI_Init	32	static,ignoring_inline_asm
../App/hw/driver/qspi.c:463:9:BSP_QSPI_DeInit	8	static
../App/hw/driver/qspi.c:476:9:BSP_QSPI_Read	96	static
../App/hw/driver/qspi.c:128:6:qspiRead	24	static
../App/hw/driver/qspi.c:522:9:BSP_QSPI_Write	104	static
../App/hw/driver/qspi.c:154:6:qspiWrite	16	static
../App/hw/driver/qspi.c:599:9:BSP_QSPI_Erase_Block	88	static
../App/hw/driver/qspi.c:175:6:qspiEraseBlock	8	static
../App/hw/driver/qspi.c:645:9:BSP_QSPI_Erase_Sector	88	static
../App/hw/driver/qspi.c:191:6:qspiEraseSector	8	static
../App/hw/driver/qspi.c:206:6:qspiErase	16	static
../App/hw/driver/qspi.c:692:9:BSP_QSPI_Erase_Chip	88	static
../App/hw/driver/qspi.c:247:6:qspiEraseChip	8	static
../App/hw/driver/qspi.c:737:9:BSP_QSPI_GetStatus	96	static
../App/hw/driver/qspi.c:263:6:qspiGetStatus	8	static
../App/hw/driver/qspi.c:795:9:BSP_QSPI_GetID	88	static
../App/hw/driver/qspi.c:58:6:qspiInit	48	static
../App/hw/driver/qspi.c:837:9:BSP_QSPI_GetInfo	0	static
../App/hw/driver/qspi.c:279:6:qspiGetInfo	8	static
../App/hw/driver/qspi.c:849:9:BSP_QSPI_EnableMemoryMappedMode	96	static
../App/hw/driver/qspi.c:295:6:qspiEnableMemoryMappedMode	8	static
../App/hw/driver/qspi.c:311:6:qspiSetXipMode	8	static
../App/hw/driver/qspi.c:1157:6:cliCmd	552	static
