../App/hw/driver/uart.c:65:6:uartInit	8	static
../App/hw/driver/uart.c:84:6:uartDeInit	0	static
../App/hw/driver/uart.c:89:6:uartIsInit	0	static
../App/hw/driver/uart.c:94:6:uartOpen	32	static
../App/hw/driver/uart.c:171:6:uartClose	0	static
../App/hw/driver/uart.c:180:10:uartAvailable	8	static
../App/hw/driver/uart.c:221:9:uartRead	16	static
../App/hw/driver/uart.c:203:6:uartFlush	16	static
../App/hw/driver/uart.c:244:10:uartWrite	16	static
../App/hw/driver/uart.c:270:10:uartPrintf	276	static
../App/hw/driver/uart.c:288:10:uartGetBaud	0	static
../App/hw/driver/uart.c:322:6:cliUart	32	static
../App/hw/driver/uart.c:307:10:uartGetRxCnt	0	static
../App/hw/driver/uart.c:314:10:uartGetTxCnt	0	static
