../Middlewares/ST/touchgfx/framework/include/touchgfx/hal/HAL.hpp:124:18:virtual void touchgfx::HAL::setDisplayOrientation(touchgfx::DisplayOrientation)	0	static
../Middlewares/ST/touchgfx/framework/include/touchgfx/hal/HAL.hpp:320:28:virtual touchgfx::BlitOperations touchgfx::HAL::getBlitCaps()	8	static
../Middlewares/ST/touchgfx/framework/include/touchgfx/hal/HAL.hpp:670:18:virtual bool touchgfx::HAL::sampleKey(uint8_t&)	0	static
../Middlewares/ST/touchgfx/framework/include/touchgfx/hal/HAL.hpp:737:18:virtual void touchgfx::HAL::setAnimationStorage(void*)	0	static
../Middlewares/ST/touchgfx/framework/include/touchgfx/hal/HAL.hpp:876:30:virtual touchgfx::FlashDataReader* touchgfx::HAL::getFlashDataReader() const	0	static
../Middlewares/ST/touchgfx/framework/include/touchgfx/hal/HAL.hpp:1025:18:virtual void touchgfx::HAL::taskDelay(uint16_t)	8	static
../Middlewares/ST/touchgfx/framework/include/touchgfx/hal/HAL.hpp:1052:22:virtual uint16_t touchgfx::HAL::getTFTCurrentLine()	0	static
../Middlewares/ST/touchgfx/framework/include/touchgfx/hal/HAL.hpp:1063:21:virtual touchgfx::DMAType touchgfx::HAL::getDMAType()	8	static
../Middlewares/ST/touchgfx/framework/include/touchgfx/hal/HAL.hpp:1162:18:virtual void touchgfx::HAL::performDisplayOrientationChange()	0	static
../TouchGFX/target/generated/TouchGFXGeneratedHAL.cpp:44:6:virtual void TouchGFXGeneratedHAL::configureInterrupts()	0	static
../TouchGFX/target/generated/TouchGFXGeneratedHAL.cpp:50:6:virtual void TouchGFXGeneratedHAL::enableInterrupts()	0	static,ignoring_inline_asm
../TouchGFX/target/generated/TouchGFXGeneratedHAL.cpp:56:6:virtual void TouchGFXGeneratedHAL::disableInterrupts()	0	static,ignoring_inline_asm
../TouchGFX/target/generated/TouchGFXGeneratedHAL.cpp:62:6:virtual void TouchGFXGeneratedHAL::enableLCDControllerInterrupt()	0	static
../TouchGFX/target/generated/TouchGFXGeneratedHAL.cpp:84:11:virtual uint16_t* TouchGFXGeneratedHAL::getTFTFrameBuffer() const	0	static
../TouchGFX/target/generated/TouchGFXGeneratedHAL.cpp:89:6:virtual void TouchGFXGeneratedHAL::setTFTFrameBuffer(uint16_t*)	0	static
../TouchGFX/target/generated/TouchGFXGeneratedHAL.cpp:107:6:virtual void TouchGFXGeneratedHAL::InvalidateCache()	4	static,ignoring_inline_asm
../TouchGFX/target/generated/TouchGFXGeneratedHAL.cpp:119:6:virtual void TouchGFXGeneratedHAL::FlushCache()	4	static,ignoring_inline_asm
../TouchGFX/target/generated/TouchGFXGeneratedHAL.hpp:30:7:TouchGFXGeneratedHAL::~TouchGFXGeneratedHAL()	0	static
../TouchGFX/target/generated/TouchGFXGeneratedHAL.cpp:35:6:virtual void TouchGFXGeneratedHAL::initialize()	16	static
../TouchGFX/target/generated/TouchGFXGeneratedHAL.cpp:73:6:virtual bool TouchGFXGeneratedHAL::beginFrame()	8	static
../TouchGFX/target/generated/TouchGFXGeneratedHAL.cpp:78:6:virtual void TouchGFXGeneratedHAL::endFrame()	8	static
../TouchGFX/target/generated/TouchGFXGeneratedHAL.cpp:97:6:virtual void TouchGFXGeneratedHAL::flushFrameBuffer(const touchgfx::Rect&)	8	static
../TouchGFX/target/generated/TouchGFXGeneratedHAL.cpp:102:6:virtual bool TouchGFXGeneratedHAL::blockCopy(void*, const void*, uint32_t)	8	static
../Middlewares/ST/touchgfx/framework/include/touchgfx/hal/HAL.hpp:638:18:virtual void touchgfx::HAL::backPorchExited()	8	static
../Middlewares/ST/touchgfx/framework/include/touchgfx/hal/HAL.hpp:720:18:virtual void touchgfx::HAL::setFrameBufferStartAddresses(void*, void*, void*)	8	static
../Middlewares/ST/touchgfx/framework/include/touchgfx/hal/HAL.hpp:156:18:virtual void touchgfx::HAL::setFrameBufferSize(uint16_t, uint16_t)	8	static
../TouchGFX/target/generated/TouchGFXGeneratedHAL.hpp:106:18:virtual void TouchGFXGeneratedHAL::flushFrameBuffer()	8	static
../TouchGFX/target/generated/TouchGFXGeneratedHAL.hpp:30:7:virtual TouchGFXGeneratedHAL::~TouchGFXGeneratedHAL()	8	static
../TouchGFX/target/generated/TouchGFXGeneratedHAL.cpp:133:10:void HAL_LTDC_LineEventCallback(LTDC_HandleTypeDef*)	8	static
