../App/common/hw/src/cli.c:457:6:cliLineClean	0	static
../App/common/hw/src/cli.c:465:6:cliLineAdd	16	static
../App/common/hw/src/cli.c:618:6:cliToUpper	0	static
../App/common/hw/src/cli.c:677:7:cliArgsGetStr	0	static
../App/common/hw/src/cli.c:693:6:cliArgsIsStr	8	static
../App/common/hw/src/cli.c:661:7:cliArgsGetFloat	8	static
../App/common/hw/src/cli.c:645:9:cliArgsGetData	8	static
../App/common/hw/src/cli.c:209:6:cliShowPrompt	8	static
../App/common/hw/src/cli.c:480:6:cliLineChange	16	static
../App/common/hw/src/cli.c:550:6:cliParseArgs	24	static
../App/common/hw/src/cli.c:140:6:cliOpen	8	static
../App/common/hw/src/cli.c:157:6:cliIsBusy	0	static
../App/common/hw/src/cli.c:162:6:cliOpenLog	8	static
../App/common/hw/src/cli.c:178:9:cliGetPort	0	static
../App/common/hw/src/cli.c:183:6:cliLogClose	0	static
../App/common/hw/src/cli.c:189:6:cliShowLog	16	static
../App/common/hw/src/cli.c:230:10:cliAvailable	8	static
../App/common/hw/src/cli.c:235:9:cliRead	8	static
../App/common/hw/src/cli.c:240:10:cliWrite	8	static
../App/common/hw/src/cli.c:597:6:cliPrintf	16	static
../App/common/hw/src/cli.c:522:6:cliRunCmd	16	static
../App/common/hw/src/cli.c:245:6:cliUpdate	32	static
../App/common/hw/src/cli.c:215:6:cliMain	16	static
../App/common/hw/src/cli.c:582:6:cliRunStr	16	static
../App/common/hw/src/cli.c:750:6:cliShowList	8	static
../App/common/hw/src/cli.c:767:6:cliMemoryDump	40	static
../App/common/hw/src/cli.c:611:6:cliPutch	16	static
../App/common/hw/src/cli.c:712:6:cliKeepLoop	8	static
../App/common/hw/src/cli.c:727:6:cliAdd	24	static
../App/common/hw/src/cli.c:114:6:cliInit	8	static
