../App/hw/driver/touch/ak4183.c:142:6:do_calibration	0	static
../App/hw/driver/touch/ak4183.c:123:6:readRegs	16	static
../App/hw/driver/touch/ak4183.c:264:6:ak4183ReadAdc	24	static
../App/hw/driver/touch/ak4183.c:284:6:ak4183IsReady	8	static
../App/hw/driver/touch/ak4183.c:148:6:check_error_analysis	40	static
../App/hw/driver/touch/ak4183.c:192:5:calculate_calibration_coefficient	184	static
../App/hw/driver/touch/ak4183.c:107:6:ak4183InitRegs	16	static
../App/hw/driver/touch/ak4183.c:64:6:ak4183Init	16	static
../App/hw/driver/touch/ak4183.c:289:10:ak4183GetWidth	0	static
../App/hw/driver/touch/ak4183.c:294:10:ak4183GetHeight	0	static
../App/hw/driver/touch/ak4183.c:299:6:ak4183GetInfo	32	static
../App/hw/driver/touch/ak4183.c:351:6:cliCmd	88	static
