../Middlewares/ST/touchgfx/framework/include/mvp/Presenter.hpp:37:18:virtual void touchgfx::Presenter::activate()	0	static
../Middlewares/ST/touchgfx/framework/include/mvp/Presenter.hpp:47:18:virtual void touchgfx::Presenter::deactivate()	0	static
../Middlewares/ST/touchgfx/framework/include/mvp/Presenter.hpp:52:13:touchgfx::Presenter::~Presenter()	0	static
../TouchGFX/gui/include/gui/model/ModelListener.hpp:11:13:ModelListener::~ModelListener()	0	static
../TouchGFX/gui/include/gui/screen_screen/screenPresenter.hpp:28:13:screenPresenter::~screenPresenter()	0	static
../TouchGFX/gui/src/screen_screen/screenPresenter.cpp:10:6:virtual void screenPresenter::activate()	0	static
../TouchGFX/gui/src/screen_screen/screenPresenter.cpp:15:6:virtual void screenPresenter::deactivate()	0	static
../Middlewares/ST/touchgfx/framework/include/mvp/Presenter.hpp:52:13:virtual touchgfx::Presenter::~Presenter()	8	static
../TouchGFX/gui/include/gui/model/ModelListener.hpp:11:13:virtual ModelListener::~ModelListener()	8	static
../TouchGFX/gui/include/gui/screen_screen/screenPresenter.hpp:28:13:virtual screenPresenter::~screenPresenter()	8	static
../TouchGFX/gui/src/screen_screen/screenPresenter.cpp:4:1:screenPresenter::screenPresenter(screenView&)	0	static
